HI-TECH Software C Compiler 

Linker command line:

\
  --edf=C:\Program Files (x86)\HI-TECH Software\PICC-18\PRO\9.63\dat\en_msgs.txt \
  -cs -h+progetto.sym -z -Q18F2420 -ol.obj -Mprogetto.map -E1 \
  -ACODE=00h-03DBFh -ACONST=00h-03DBFh \
  -ASMALLCONST=0300h-03FFhx58,03D00h-03DBFh -AMEDIUMCONST=0300h-03DBFh \
  -ARAM=00h-0FFhx2,0200h-02F3h -ABIGRAM=00h-02F3h -ACOMRAM=00h-07Fh \
  -AABS1=00h-02F3h -ABANK0=00h-0FFh -ABANK1=0100h-01FFh -ABANK2=0200h-02F3h \
  -ANVRAM=0200h-02F3h \
  -preset_vec=00h,intcode=08h,intcodelo,powerup,init,end_init \
  -pramtop=0300h -psmallconst=SMALLCONST -pmediumconst=MEDIUMCONST \
  -pconst=CONST -pparam1=BANK1 -AFARRAM=00h-00h -ACONFIG=0300000h-030000Dh \
  -pconfig=CONFIG -AIDLOC=0200000h-0200007h -pidloc=IDLOC \
  -AEEDATA=0F00000h-0F000FFh -peeprom_data=EEDATA \
  -prdata=COMRAM,nvrram=COMRAM,nvbit=COMRAM,rbss=COMRAM,rbit=COMRAM \
  -pfarbss=FARRAM,fardata=FARRAM \
  -pintsave_regs=BIGRAM,bigbss=BIGRAM,bigdata=BIGRAM -pbss=RAM \
  -pidata=CODE,irdata=CODE,ibigdata=CODE,ifardata=CODE \
  C:\Users\CONSON~1.090\AppData\Local\Temp\s2u8.obj progetto.obj 

Object code version is 3.10

Machine type is 18F2420

Call graph: (short form)

*_main size 0,2 offset 0
     _configPIC size 0,1 offset 2
     _setAD size 2,1 offset 2
*    _setTIMER0CKINT size 2,1 offset 2
*        ___awdiv size 4,5 offset 5
     _enintGLOB size 0,0 offset 2
     _enintTIMER0 size 0,0 offset 2
     _onTIMER0 size 0,0 offset 2

Estimated maximum call depth: 2

*intlevel2 size 0,0 offset 14
*    _TIMER0 size 0,14 offset 14
         _restartTIMER0 size 0,3 offset 28
         _readADCH0 size 0,1 offset 28
*        i2___awdiv size 4,5 offset 29
*        _dividicifre size 0,1 offset 28
*            i2___awdiv size 4,5 offset 29
         _stampadecine size 0,0 offset 28
         _stampaunita size 0,0 offset 28
         _stampadecimi size 0,0 offset 28

Estimated maximum call depth: 3


                Name          Link     Load   Length Selector Space Scale
C:\Users\CONSON~1.090\AppData\Local\Temp\s2u8.obj
                reset_vec        0        0        4       0     0
                init            18       18        C       4     0
                end_init        24       24       16       4     0
progetto.obj    intcode          8        8       10       4     0
                smallcons      300      300        C     180     0
                text12         870      870       32     186     0
                text13         90A      90A       20     186     0
                text11         8A2      8A2       24     186     0
                text9          782      782       76     186     0
                text10         8C6      8C6       22     186     0
                text14         8E8      8E8       22     186     0
                text15         43C      43C      130     186     0
                text2          92A      92A        6     186     0
                text3          930      930        4     186     0
                text1          934      934        4     186     0
                text0          704      704       7E     186     0
                text7          30C      30C      130     186     0
                text8          56C      56C      116     186     0
                text6          836      836       3A     186     0
                text4          682      682       82     186     0
                text5          7F8      7F8       3E     186     0

COMMON          param1         100      100       26     100     1

TOTAL           Name          Link     Load   Length  Space
        CLASS   CODE           
                intcode          8        8       10     0
                reset_vec        0        0        4     0
                init            18       18        C     0
                end_init        24       24       16     0
                text12         870      870       32     0
                text13         90A      90A       20     0
                text11         8A2      8A2       24     0
                text9          782      782       76     0
                text10         8C6      8C6       22     0
                text14         8E8      8E8       22     0
                text15         43C      43C      130     0
                text2          92A      92A        6     0
                text3          930      930        4     0
                text1          934      934        4     0
                text0          704      704       7E     0
                text7          30C      30C      130     0
                text8          56C      56C      116     0
                text6          836      836       3A     0
                text4          682      682       82     0
                text5          7F8      7F8       3E     0

        CLASS   CONST          

        CLASS   SMALLCONST     
                smallcons      300      300        C     0

        CLASS   MEDIUMCONST    

        CLASS   RAM            

        CLASS   BIGRAM         

        CLASS   COMRAM         

        CLASS   ABS1           
                abs_s1           0        0       10     1

        CLASS   BANK0          

        CLASS   BANK1          
                param1         100      100       26     1

        CLASS   BANK2          

        CLASS   NVRAM          

        CLASS   FARRAM         

        CLASS   CONFIG         

        CLASS   IDLOC          

        CLASS   EEDATA         



SEGMENTS        Name           Load    Length   Top     Selector    Space Class

                reset_vec       000000  000004  000004         0       0  CODE    
                intcode         000008  000032  00003A         4       0  CODE    
                param1          000100  000026  000126       100       1  BANK1   
                smallconst      000300  00000C  00030C       180       0  SMALLCON
                idata           00030C  00062C  000938       186       0  CODE    


UNUSED ADDRESS RANGES

        BANK0            000010-0000FF
        BANK1            000126-0001FF
        BANK2            000200-0002F3
        BIGRAM           000010-0000FF
                         000126-0002F3
        CODE             000004-000007
                         00003A-0002FF
                         000938-003DBF
        COMRAM           000010-00007F
        CONFIG           300000-30000D
        CONST            000004-000007
                         00003A-0002FF
                         000938-003DBF
        EEDATA           F00000-F000FF
        IDLOC            200000-200007
        MEDIUMCONST      000938-003DBF
        NVRAM            000200-0002F3
        RAM              000010-0000FF
                         000126-0002F3
        SMALLCONST       000938-003DBF

                                  Symbol Table

??_TIMER0               param1       00010E
??___awdiv              param1       000109
??_configPIC            param1       000102
??_dividicifre          param1       00011C
??_enintGLOB            param1       000102
??_enintTIMER0          param1       000102
??_main                 param1       000100
??_onTIMER0             param1       000102
??_readADCH0            param1       00011C
??_restartTIMER0        param1       00011C
??_setAD                param1       000104
??_setTIMER0CKINT       param1       000104
??_stampadecimi         param1       00011C
??_stampadecine         param1       00011C
??_stampaunita          param1       00011C
??i2___awdiv            param1       000121
?_TIMER0                param1       00010E
?___awdiv               param1       000105
?_configPIC             param1       000102
?_dividicifre           param1       00011C
?_enintGLOB             param1       000102
?_enintTIMER0           param1       000102
?_main                  param1       000100
?_onTIMER0              param1       000102
?_readADCH0             param1       00011C
?_restartTIMER0         param1       00011C
?_setAD                 param1       000102
?_setTIMER0CKINT        param1       000102
?_stampadecimi          param1       00011C
?_stampadecine          param1       00011C
?_stampaunita           param1       00011C
?i2___awdiv             param1       00011D
_ADCON0                 (abs)        000FC2
_ADCON1                 (abs)        000FC1
_ADCON2                 (abs)        000FC0
_ADIF                   (abs)        007CF6
_ADRESH                 (abs)        000FC4
_CapStatus              (abs)        00000F
_GIE                    (abs)        007F97
_GODONE                 (abs)        007E11
_INTCON                 (abs)        000FF2
_LATB                   (abs)        000F8A
_LATB0                  (abs)        007C50
_LATB1                  (abs)        007C51
_LATB2                  (abs)        007C52
_LATC                   (abs)        000F8B
_OSCCON                 (abs)        000FD3
_T0CON                  (abs)        000FD5
_TIMER0                 text8        00056C
_TMR0                   (abs)        000FD6
_TMR0IE                 (abs)        007F95
_TMR0IF                 (abs)        007F92
_TMR0ON                 (abs)        007EAF
_TRISB                  (abs)        000F93
_TRISC                  (abs)        000F94
__Bnvbit                nvbit        000010
__Brbit                 rbit         000010
__HRAM                  (abs)        000000
__Habsbss0              (abs)        000010
__Hbigbss               bigbss       000126
__Hbigdata              bigdata      000126
__Hbss                  bss          000010
__Hclrtext              clrtext      00030C
__Hconfig               config       300000
__Hconst                const        00030C
__Hdata                 data         00030C
__Heeprom_data          eeprom_data  F00000
__Hend_init             end_init     00003A
__Hfarbss               farbss       000000
__Hfardata              fardata      000000
__Hibigdata             ibigdata     00030C
__Hidata                idata        00030C
__Hidloc                idloc        200000
__Hifardata             ifardata     00030C
__Hinit                 init         000024
__Hintcode              intcode      000018
__Hintcodelo            intcodelo    000018
__Hintentry             intentry     00030C
__Hintret               intret       00030C
__Hintsave_regs         intsave_regs 000126
__Hirdata               irdata       00030C
__Hmediumconst          mediumconst  00030C
__Hnvbit                nvbit        000080
__Hnvram                nvram        00030C
__Hnvrram               nvrram       000010
__Hparam                param1       000126
__Hparam0               param0       00030C
__Hparam1               param1       000126
__Hparam2               param2       00030C
__Hpowerup              powerup      000018
__Hramtop               ramtop       000300
__Hrbit                 rbit         000080
__Hrbss                 rbss         000010
__Hrdata                rdata        000010
__Hreset_vec            reset_vec    000004
__Hrparam               rparam       00030C
__Hsmallconst           smallconst   00030C
__Hstruct               struct       000010
__Htemp                 temp         000010
__Htext                 text         00030C
__Htext0                text0        00030C
__Htext1                text1        00030C
__Htext10               text10       00030C
__Htext11               text11       00030C
__Htext12               text12       00030C
__Htext13               text13       00030C
__Htext14               text14       00030C
__Htext15               text15       00030C
__Htext2                text2        00030C
__Htext3                text3        00030C
__Htext4                text4        00030C
__Htext5                text5        00030C
__Htext6                text6        00030C
__Htext7                text7        00030C
__Htext8                text8        00030C
__Htext9                text9        00030C
__LRAM                  (abs)        000001
__Labsbss0              (abs)        000000
__Lbigbss               bigbss       000126
__Lbigdata              bigdata      000126
__Lbss                  bss          000010
__Lclrtext              clrtext      00030C
__Lconfig               config       300000
__Lconst                const        00030C
__Ldata                 (abs)        000000
__Leeprom_data          eeprom_data  F00000
__Lend_init             end_init     000024
__Lfarbss               farbss       000000
__Lfardata              fardata      000000
__Libigdata             ibigdata     00030C
__Lidata                idata        00030C
__Lidloc                idloc        200000
__Lifardata             ifardata     00030C
__Linit                 init         000018
__Lintcode              intcode      000008
__Lintcodelo            intcodelo    000018
__Lintentry             intentry     00030C
__Lintret               intret       00030C
__Lintsave_regs         intsave_regs 000126
__Lirdata               irdata       00030C
__Lmediumconst          mediumconst  00030C
__Lnvbit                nvbit        000080
__Lnvram                nvram        00030C
__Lnvrram               nvrram       000010
__Lparam                param1       000100
__Lparam0               param0       00030C
__Lparam1               param1       000100
__Lparam2               param2       00030C
__Lpowerup              powerup      000018
__Lramtop               ramtop       000300
__Lrbit                 rbit         000080
__Lrbss                 rbss         000010
__Lrdata                rdata        000010
__Lreset_vec            reset_vec    000000
__Lrparam               rparam       00030C
__Lsmallconst           smallconst   000300
__Lstruct               struct       000010
__Ltemp                 temp         000010
__Ltext                 text         00030C
__Ltext0                text0        00030C
__Ltext1                text1        00030C
__Ltext10               text10       00030C
__Ltext11               text11       00030C
__Ltext12               text12       00030C
__Ltext13               text13       00030C
__Ltext14               text14       00030C
__Ltext15               text15       00030C
__Ltext2                text2        00030C
__Ltext3                text3        00030C
__Ltext4                text4        00030C
__Ltext5                text5        00030C
__Ltext6                text6        00030C
__Ltext7                text7        00030C
__Ltext8                text8        00030C
__Ltext9                text9        00030C
__S0                    (abs)        F00000
__S1                    (abs)        000200
___awdiv                text7        00030C
___awdiv@counter        param1       000109
___awdiv@dividend       param1       000105
___awdiv@divisor        param1       000107
___awdiv@quotient       param1       00010B
___awdiv@sign           param1       00010A
__accesstop             (abs)        000080
__activetblptr          (abs)        000002
__end_of_TIMER0         text8        000682
__end_of___awdiv        text7        00043C
__end_of_configPIC      text5        000836
__end_of_dividicifre    text9        0007F8
__end_of_enintGLOB      text1        000938
__end_of_enintTIMER0    text2        000930
__end_of_main           text0        000782
__end_of_onTIMER0       text3        000934
__end_of_readADCH0      text13       00092A
__end_of_restartTIMER0  text12       0008A2
__end_of_setAD          text4        000704
__end_of_setTIMER0CKINT text6        000870
__end_of_stampadecimi   text14       00090A
__end_of_stampadecine   text10       0008E8
__end_of_stampaunita    text11       0008C6
__end_ofi2___awdiv      text15       00056C
__mediumconst           mediumconst  00030C
__ramtop                ramtop       000300
__smallconst            smallconst   000300
_cifra                  smallconst   000301
_configPIC              text5        0007F8
_decimi                 (abs)        00000E
_decimi7seg             (abs)        00000D
_decine                 (abs)        000006
_decine7seg             (abs)        000002
_dividicifre            text9        000782
_enintGLOB              text1        000934
_enintTIMER0            text2        00092A
_exit                   init         000018
_i                      (abs)        000001
_main                   text0        000704
_onTIMER0               text3        000930
_readADCH0              text13       00090A
_restart                (abs)        00000B
_restartTIMER0          text12       000870
_setAD                  text4        000682
_setTIMER0CKINT         text6        000836
_stampadecimi           text14       0008E8
_stampadecine           text10       0008C6
_stampaunita            text11       0008A2
_stato                  (abs)        000000
_tensione               (abs)        000005
_unita                  (abs)        000004
_unita7seg              (abs)        000003
_usec                   (abs)        000009
_var                    (abs)        000007
i2___awdiv              text15       00043C
i2___awdiv@counter      param1       000121
i2___awdiv@dividend     param1       00011D
i2___awdiv@divisor      param1       00011F
i2___awdiv@quotient     param1       000123
i2___awdiv@sign         param1       000122
int_func                intcode      000008
intlevel0               text         000938
intlevel1               text         000938
intlevel2               text         000938
intlevel3               text         000938
readADCH0@datoAD        param1       00011C
setAD@nbit              param1       000102
setAD@nch               param1       000103
setTIMER0CKINT@usec     param1       000102
start                   init         000018
